Script started on 2022-02-10 12:03:50-05:00 [TERM="xterm-256color" TTY="/dev/pts/0" COLUMNS="80" LINES="24"]
]0;sth6@gold19: ~/cs/214/labs/05/clojure[01;32msth6@gold19[00m:[01;34m~/cs/214/labs/05/clojure[00m$ clojure
[KClojure 1.10.1
[Kuser=> [Kuser=> [Kuser=> (map inc [1 2 3 4][1 2 3 4])user=> (map inc [1 2 3 4])user=> [K(map inc [1 2 3 4])
(2 3 4 5)
user=> [Kuser=> [Kuser=> (map - [1 2 3 4][1 2 3 4])user=> (map - [1 2 3 4])user=> [K(map - [1 2 3 4])
(-1 -2 -3 -4)
user=> [Kuser=> [Kuser=> (map - [1 2 3 4][1 2 3 4] [1 2 3 4][1 2 3 4])user=> (map - [1 2 3 4] [1 2 3 4])user=> [K(map - [1 2 3 4] [1 2 3 4])
(0 0 0 0)
user=> [Kuser=> [Kuser=> map even        (map even? [1 2 3 4][1 2 3 4])user=> (map even? [1 2 3 4])user=> [K(map even? [1 2 3 4])
(false true false true)
user=> [Kuser=> [Kuser=> (map str ["a" "b" "c"]["a" "b" "c"] ["A" "B" "C"]["A" "B" "C"])user=> (map str ["a" "b" "c"] ["A" "B" "C"])user=> [K(map str ["a" "b" "c"] ["A" "B" "C"])
("aA" "bB" "cC")
user=> [Kuser=> [Kuser=> (map count [[11][11]][[11]]  [11 22][11 22] [11 22 33][11 22 33]]user=> (map count [[11] [11 22] [11 22 33]])user=> (map count [[11] [11 22] [11 22 33]])user=> [K(map count [[11] [11 22] [11 22 33]])
(1 2 3)
user=> [Kuser=> [Kuser=> (map + [1 2 3 4][1 2 3 4] [1 2 3 4][1 2 3 4])user=> (map + [1 2 3 4] [1 2 3 4])user=> [K(map + [1 2 3 4] [1 2 3 4])
(2 4 6 8)
user=> [Kuser=> [Kuser=> (map * [1 2 3 4][1 2 3 4] [1 2 3 4][1 2 3 4])user=> (map * [1 2 3 4] [1 2 3 4])user=> [K(map * [1 2 3 4] [1 2 3 4])
(1 4 9 16)
user=> [Kuser=> [Kuser=> (Math/abs -3)user=> (Math/abs -3)user=> [K(Math/abs -3)
3
user=> [Kuser=> [Kuser=> (map Math/abs [-1 2 -3 4 -5][-1 2 -3 4 -5]_ )user=> (map Math/abs [-1 2 -3 4 -5])user=> [K(map Math/abs [-1 2 -3 4 -5])
Syntax error compiling at (REPL:1:1).
Unable to find static field: abs in class java.lang.Math
user=> [Kuser=> [Kuser=> (map (fn [x][x] (if (< x 0)(< x 0) (- x0 )(- x) x)(if (< x 0) (- x) x))user=> (map (fn [x] (if (< x 0) (- x) x)) [-1 2 -3 4 -5][-1 2 -3 4 -5])user=> (map (fn [x] (if (< x 0) (- x) x)) [-1 2 -3 4 -5])user=> [K(map (fn [x] (if (< x 0) (- x) x)) [-1 2 -3 4 -5])
[K(1 2 3 4 5)
user=> [Kuser=> [Kuser=> (def  n subs t ract-n [n seqiemce     uence][n sequence] (map (fn [x][x] (- x n)(- x n))(fn [x] (- x n)) sequence)(map (fn [x] (- x n)) sequence) )user=> (defn subract-n [n sequence] (map (fn [x] (- x n)) sequence) )  )user=> (defn subract-n [n sequence] (map (fn [x] (- x n)) sequence))user=> [K(defn subract-n [n sequence] (map (fn [x] (- x n)) sequence))
#'user/subract-n
user=> [Kuser=> [Kuser=> (subtract  -n 2 [5 6 7 8][5 6 7 8])user=> (subtract-n 2 [5 6 7 8])user=> [K(subtract-n 2 [5 6 7 8])
Syntax error compiling at (REPL:1:1).
Unable to resolve symbol: subtract-n in this context
user=> [Kuser=> [Kuser=> (subtract-n 2 [5 6 7 8])[1P[K(subract-n 2 [5 6 7 8])
(3 4 5 6)
user=> [Kuser=> [Kuser=> (filter odd? [1 2 3 4][1 2 3 4])user=> (filter odd? [1 2 3 4])user=> [K(filter odd? [1 2 3 4])
(1 3)
user=> [Kuser=> [Kuser=> (filte  r even? [1 2 3 4][1 2 3 4])user=> (filter even? [1 2 3 4])user=> [K(filter even? [1 2 3 4])
(2 4)
user=> [Kuser=> [Kuser=> (filter neg? [1 2 3 4][1 2 3 4])user=> (filter neg? [1 2 3 4])user=> [K(filter neg? [1 2 3 4])
()
user=> [Kuser=> [Kuser=> (filter neg? [-1 1 -2 2 -3 3][-1 1 -2 2 -3 3])user=> (filter neg? [-1 1 -2 2 -3 3])user=> [K(filter neg? [-1 1 -2 2 -3 3])
(-1 -2 -3)
user=> [Kuser=> [Kuser=> (filter pos? [0 -1 1 -2 2 -3 3][-1 1 -2 2 -3 3])user=> (filter pos? [-1 1 -2 2 -3 3])user=> [K(filter pos? [-1 1 -2 2 -3 3])
(1 2 3)
user=> [Kuser=> [Kuser=> (filter (fn [x][x] (and (pos? x)(pos? x) (even? x)(even? x))(and (pos? x) (even? x)))user=> (filter (fn [x] (and (pos? x) (even? x))) [1 -1 1 -2 2 -3 3 -4 4][-1 1 -2 2 -3 3 -4 4])user=> (filter (fn [x] (and (pos? x) (even? x))) [-1 1 -2 2 -3 3 -4 4])user=> [K(filter (fn [x] (and (pos? x) (even? x))) [-1 1 -2 2 -3 3 -4 4])
(2 4)
user=> [Kuser=> [Kuser=> (filter (fn [x][x] )(fn [x] )an   (and (neg? x)(neg? x) (odd? x)(odd? x))(and (neg? x) (odd? x)))user=> (filter (fn [x] (and (neg? x) (odd? x))) [-1 1 -2 2 -3 3 -4 4][-1 1 -2 2 -3 3 -4 4])user=> (filter (fn [x] (and (neg? x) (odd? x))) [-1 1 -2 2 -3 3 -4 4])user=> [K(filter (fn [x] (and (neg? x) (odd? x))) [-1 1 -2 2 -3 3 -4 4])
(-1 -3)
user=> [Kuser=> [Kuser=> (filter (fn [x] (and (neg? x) (odd? x))) [-1 1 -2 2 -3 3 -4 4])[1P[1P[1P[1P[1@o[1@r[1@ user=> [K(filter (fn [x] (or (neg? x) (odd? x))) [-1 1 -2 2 -3 3 -4 4])
(-1 1 -2 -3 3 -4)
user=> [Kuser=> [Kuser=> exit    
[K]0;sth6@gold19: ~/cs/214/labs/05/clojure[01;32msth6@gold19[00m:[01;34m~/cs/214/labs/05/clojure[00m$ exit

Script done on 2022-02-10 12:12:12-05:00 [COMMAND_EXIT_CODE="0"]
